// Jest Snapshot v1, https://goo.gl/fbAQLP

exports[`<Heading /> should render a Header 1`] = `
<header
  className="header"
>
  <Logo />
  <nav>
    <ul>
      <li>
        <a
          href="/"
        >
          Home
        </a>
      </li>
      <li>
        <a
          href="/about"
        >
          About
        </a>
      </li>
    </ul>
  </nav>
</header>
`;
